---
source: crates/quarto-markdown-pandoc/tests/test.rs
expression: output
---
{"astContext":{"files":[{"line_breaks":[40,41,87],"name":"tests/snapshots/json/html-comment-13-multiple-comments.qmd","total_length":88}],"sourceInfoPool":[{"d":0,"r":[2,6],"t":0},{"d":0,"r":[6,7],"t":0},{"d":0,"r":[7,10],"t":0},{"d":0,"r":[10,11],"t":0},{"d":0,"r":[11,19],"t":0},{"d":0,"r":[19,20],"t":0},{"d":0,"r":[20,28],"t":0},{"d":0,"r":[28,29],"t":0},{"d":0,"r":[29,31],"t":0},{"d":0,"r":[31,32],"t":0},{"d":0,"r":[32,40],"t":0},{"d":0,"r":[0,41],"t":0},{"d":0,"r":[42,88],"t":0}]},"blocks":[{"attrS":{"classes":[],"id":null,"kvs":[]},"c":[1,["test-13-multiple-comments-in-sequence",[],[]],[{"c":"Test","s":0,"t":"Str"},{"s":1,"t":"Space"},{"c":"13:","s":2,"t":"Str"},{"s":3,"t":"Space"},{"c":"Multiple","s":4,"t":"Str"},{"s":5,"t":"Space"},{"c":"comments","s":6,"t":"Str"},{"s":7,"t":"Space"},{"c":"in","s":8,"t":"Str"},{"s":9,"t":"Space"},{"c":"sequence","s":10,"t":"Str"}]],"s":11,"t":"Header"},{"c":[],"s":12,"t":"Para"}],"meta":{},"pandoc-api-version":[1,23,1]}
