---
source: crates/quarto-markdown-pandoc/tests/test.rs
expression: output
---
{"astContext":{"files":[{"line_breaks":[28,29,342],"name":"tests/snapshots/json/html-comment-21-very-long-comment.qmd","total_length":343}],"sourceInfoPool":[{"d":0,"r":[2,6],"t":0},{"d":0,"r":[6,7],"t":0},{"d":0,"r":[7,10],"t":0},{"d":0,"r":[10,11],"t":0},{"d":0,"r":[11,15],"t":0},{"d":0,"r":[15,16],"t":0},{"d":0,"r":[16,20],"t":0},{"d":0,"r":[20,21],"t":0},{"d":0,"r":[21,28],"t":0},{"d":0,"r":[0,29],"t":0},{"d":0,"r":[30,343],"t":0}]},"blocks":[{"attrS":{"classes":[],"id":null,"kvs":[]},"c":[1,["test-21-very-long-comment",[],[]],[{"c":"Test","s":0,"t":"Str"},{"s":1,"t":"Space"},{"c":"21:","s":2,"t":"Str"},{"s":3,"t":"Space"},{"c":"Very","s":4,"t":"Str"},{"s":5,"t":"Space"},{"c":"long","s":6,"t":"Str"},{"s":7,"t":"Space"},{"c":"comment","s":8,"t":"Str"}]],"s":9,"t":"Header"},{"c":[],"s":10,"t":"Para"}],"meta":{},"pandoc-api-version":[1,23,1]}
