---
source: crates/quarto-markdown-pandoc/tests/test.rs
expression: output
---
{"astContext":{"files":[{"line_breaks":[33,34,51],"name":"tests/snapshots/json/html-comment-32-comment-no-spaces.qmd","total_length":52}],"sourceInfoPool":[{"d":0,"r":[2,6],"t":0},{"d":0,"r":[6,7],"t":0},{"d":0,"r":[7,10],"t":0},{"d":0,"r":[10,11],"t":0},{"d":0,"r":[11,18],"t":0},{"d":0,"r":[18,19],"t":0},{"d":0,"r":[19,23],"t":0},{"d":0,"r":[23,24],"t":0},{"d":0,"r":[24,26],"t":0},{"d":0,"r":[26,27],"t":0},{"d":0,"r":[27,33],"t":0},{"d":0,"r":[0,34],"t":0},{"d":0,"r":[35,52],"t":0}]},"blocks":[{"attrS":{"classes":[],"id":null,"kvs":[]},"c":[1,["test-32-comment-with-no-spaces",[],[]],[{"c":"Test","s":0,"t":"Str"},{"s":1,"t":"Space"},{"c":"32:","s":2,"t":"Str"},{"s":3,"t":"Space"},{"c":"Comment","s":4,"t":"Str"},{"s":5,"t":"Space"},{"c":"with","s":6,"t":"Str"},{"s":7,"t":"Space"},{"c":"no","s":8,"t":"Str"},{"s":9,"t":"Space"},{"c":"spaces","s":10,"t":"Str"}]],"s":11,"t":"Header"},{"c":[],"s":12,"t":"Para"}],"meta":{},"pandoc-api-version":[1,23,1]}
