---
source: crates/quarto-markdown-pandoc/tests/test.rs
expression: output
---
[ Para [Cite [Citation { citationId = "c1", citationPrefix = [Str "prefix", Space], citationSuffix = [Space, Str "suffix"], citationMode = NormalCitation, citationNoteNum = 1, citationHash = 0 }, Citation { citationId = "c2", citationPrefix = [Space], citationSuffix = [], citationMode = NormalCitation, citationNoteNum = 1, citationHash = 0 }, Citation { citationId = "c3", citationPrefix = [Space], citationSuffix = [], citationMode = NormalCitation, citationNoteNum = 1, citationHash = 0 }] []] ]
