---
source: crates/quarto-markdown-pandoc/tests/test.rs
expression: output
---
[ Para [Str "Blah", Space, Str "Blah", Space, Cite [Citation { citationId = "knuth1984", citationPrefix = [Str "see", Space], citationSuffix = [Str ",", Space, Str "pp. 33-35"], citationMode = NormalCitation, citationNoteNum = 1, citationHash = 0 }, Citation { citationId = "wickham2015", citationPrefix = [Space, Str "also", Space], citationSuffix = [Str ",", Space, Str "chap. 1"], citationMode = NormalCitation, citationNoteNum = 1, citationHash = 0 }] []] ]
