---
source: crates/quarto-markdown-pandoc/tests/test.rs
expression: output
---
[ Para [Cite [Citation { citationId = "cite1", citationPrefix = [], citationSuffix = [], citationMode = AuthorInText, citationNoteNum = 1, citationHash = 0 }] [Str "@cite1"], Space, Cite [Citation { citationId = "cite2", citationPrefix = [], citationSuffix = [], citationMode = AuthorInText, citationNoteNum = 2, citationHash = 0 }] [Str "@cite2"]], Para [Cite [Citation { citationId = "cite3", citationPrefix = [], citationSuffix = [], citationMode = NormalCitation, citationNoteNum = 3, citationHash = 0 }, Citation { citationId = "cite4", citationPrefix = [Space], citationSuffix = [], citationMode = NormalCitation, citationNoteNum = 3, citationHash = 0 }] [], Space, Cite [Citation { citationId = "cite5", citationPrefix = [], citationSuffix = [], citationMode = AuthorInText, citationNoteNum = 4, citationHash = 0 }] [Str "@cite5"]] ]
