---
source: crates/quarto-markdown-pandoc/tests/test.rs
expression: output
---
[ Table ( "" , [] , [] ) (Caption Nothing []) [(AlignDefault, ColWidthDefault), (AlignDefault, ColWidthDefault)] (TableHead ( "" , [] , [] ) [Row ( "" , [] , [] ) [Cell ( "" , [] , [] ) AlignDefault (RowSpan 1) (ColSpan 1) [Plain [Str "Name"]] , Cell ( "" , [] , [] ) AlignDefault (RowSpan 1) (ColSpan 1) [Plain [Str "Age"]] ] ]) [TableBody ( "" , [] , [] ) (RowHeadColumns 0) [] [Row ( "" , [] , [] ) [Cell ( "" , [] , [] ) AlignDefault (RowSpan 1) (ColSpan 1) [Plain [Str "Alice"]] , Cell ( "" , [] , [] ) AlignDefault (RowSpan 1) (ColSpan 1) [Plain [Str "30"]] ] ]] (TableFoot ( "" , [] , [] ) [] ), Para [Str "This", Space, Str "is", Space, Str "a", Space, Str "regular", Space, Str "paragraph", Space, Str "after", Space, Str "the", Space, Str "table."], Para [Str "This", Space, Str "is", Space, Str "another", Space, Str "paragraph."] ]
