---
source: crates/quarto-markdown-pandoc/tests/test_error_corpus.rs
expression: json_string
---
[
  {
    "code": "Q-2-5",
    "details": [
      {
        "content": {
          "content": "(Emphasis start) If you meant an underscore, escape it with a backslash.",
          "type": "markdown"
        },
        "kind": "info",
        "location": {
          "Original": {
            "end_offset": 2,
            "file_id": 0,
            "start_offset": 1
          }
        }
      }
    ],
    "kind": "error",
    "location": {
      "Original": {
        "end_offset": 12,
        "file_id": 0,
        "start_offset": 10
      }
    },
    "problem": {
      "content": "I reached the end of the block before finding a closing _ for the emphasis.",
      "type": "markdown"
    },
    "title": "Unclosed emphasis"
  }
]
