---
source: crates/quarto-markdown-pandoc/tests/test_error_corpus.rs
expression: json_string
---
[
  {
    "code": "Q-2-7",
    "kind": "error",
    "location": {
      "Original": {
        "end_offset": 7,
        "file_id": 0,
        "start_offset": 6
      }
    },
    "problem": {
      "content": "I reached the end of the block before finding a closing \"'\" for the quote.",
      "type": "markdown"
    },
    "title": "Unclosed Single Quote"
  }
]
